version: "1"
packages: [{
  "schema": "schema.sql",
  "queries": "queries.sql",
  "name": "main",
  "path": "."
}]
