

-- name: GetSms :one
SELECT * FROM sms
WHERE ID = $1 LIMIT 1;

-- name: ListSms :many
SELECT * FROM sms;

-- name: CreateSms : one
INSERT INTO sms (
    text,
    created_at,
    auto
) VALUES (
    $1,
    $2,
    $3
);